// Jest Snapshot v1, https://goo.gl/fbAQLP

exports[`Privacy should render properly 1`] = `
<Container
  fluid={false}
>
  <PageTitle
    headTitle="privacy:page_title-translated"
  >
    privacy:page_title-translated
  </PageTitle>
  <ForwardRef(renderIconAlert)>
    privacy:translation_disclaimer-translated
  </ForwardRef(renderIconAlert)>
  <p>
    privacy:last_updated-translated
  </p>
  <p>
    <Trans
      components={
        Object {
          "link_generator": <a
            href="https://www.privacypolicies.com/privacy-policy-generator/"
            rel="noreferrer"
            target="_blank"
          />,
        }
      }
      i18nKey="privacy:intro_description"
      t={[Function]}
    />
  </p>
  <h2
    className="mb-4"
  >
    privacy:interpretation_and_definitions_title-translated
  </h2>
  <h3
    className="mb-2"
  >
    privacy:interpretation_title-translated
  </h3>
  <p>
    privacy:interpretation-translated
  </p>
  <h3>
    privacy:definitions_title-translated
  </h3>
  <p>
    privacy:definitions_intro-translated
  </p>
  <ul>
    <li
      key="0"
    >
      privacy:definitions-translated-object
    </li>
  </ul>
  <h2
    className="mb-4"
  >
    privacy:data_collection_title-translated
  </h2>
  <h3
    className="mb-3"
  >
    privacy:data_types_title-translated
  </h3>
  <h4>
    privacy:personal_data_title-translated
  </h4>
  <p>
    privacy:personal_data_intro-translated
  </p>
  <ul>
    <li
      key="0"
    >
      privacy:personal_data_items-translated-object
    </li>
  </ul>
  <h4>
    privacy:usage_data_title-translated
  </h4>
  <p>
    privacy:usage_data-translated
  </p>
  <h4>
    privacy:third_party_social_media_title-translated
  </h4>
  <p>
    privacy:third_party_social_media_intro-translated
  </p>
  <ul>
    <li
      key="0"
    >
      privacy:third_party_social_media_items-translated-object
    </li>
  </ul>
  <p>
    privacy:third_party_social_media_outro-translated
  </p>
  <h4>
    privacy:cookies_title-translated
  </h4>
  <p>
    privacy:cookies_types_intro-translated
  </p>
  <ul>
    <li
      key="0"
    >
      privacy:cookies_types-translated-object
    </li>
  </ul>
  <p>
    <Trans
      components={
        Object {
          "link_cookies": <a
            href="https://www.privacypolicies.com/blog/cookies/"
            rel="noreferrer"
            target="_blank"
          />,
        }
      }
      i18nKey="privacy:cookies_items_intro"
      t={[Function]}
    />
  </p>
  <p>
    privacy:cookies_items_title-translated
  </p>
  <ul>
    <Trans
      i18nKey="privacy:cookies_items.0"
      key="0"
      parent="li"
      t={[Function]}
    />
  </ul>
  <p>
    privacy:cookies_outro-translated
  </p>
  <h3>
    privacy:data_use_title-translated
  </h3>
  <p>
    privacy:data_use_intro-translated
  </p>
  <ul>
    <li
      key="0"
    >
      privacy:data_use_items-translated-object
    </li>
  </ul>
  <p>
    privacy:share_data_intro-translated
  </p>
  <ul>
    <li
      key="0"
    >
      privacy:share_data_items-translated-object
    </li>
  </ul>
  <h3>
    privacy:data_retention_title-translated
  </h3>
  <p>
    privacy:data_retention-translated
  </p>
  <h3>
    privacy:data_deletion_title-translated
  </h3>
  <p>
    privacy:data_deletion-translated
  </p>
  <h3>
    privacy:data_transfer_title-translated
  </h3>
  <p>
    privacy:data_transfer-translated
  </p>
  <h3
    className="mb-4"
  >
    privacy:data_disclosure_title-translated
  </h3>
  <h4>
    privacy:business_disclosure_title-translated
  </h4>
  <p>
    privacy:business_disclosure-translated
  </p>
  <h4>
    privacy:law_enforcement_title-translated
  </h4>
  <p>
    privacy:law_enforcement-translated
  </p>
  <h4>
    privacy:legal_requirements_title-translated
  </h4>
  <p>
    privacy:legal_requirements_intro-translated
  </p>
  <ul>
    <li
      key="0"
    >
      privacy:legal_requirements-translated-object
    </li>
  </ul>
  <h2>
    privacy:child_privacy_title-translated
  </h2>
  <p>
    privacy:child_privacy-translated
  </p>
  <h2>
    privacy:outside_links_title-translated
  </h2>
  <p>
    privacy:outside_links-translated
  </p>
  <h2>
    privacy:changes_title-translated
  </h2>
  <p>
    privacy:changes-translated
  </p>
  <h2>
    privacy:contact_title-translated
  </h2>
  <p>
    <Trans
      components={
        Object {
          "link_feedback": <Link
            to="/feedback"
          />,
        }
      }
      i18nKey="privacy:contact"
      t={[Function]}
    />
  </p>
</Container>
`;
